// Jest Snapshot v1, https://goo.gl/fbAQLP

exports[`Should render the Dashboard 1`] = `
<div>
  <h1>
    Dashboard Page Header
  </h1>
</div>
`;
